// Jest Snapshot v1, https://goo.gl/fbAQLP

exports[`Header should render without crashing 1`] = `
ShallowWrapper {
  "length": 1,
  Symbol(enzyme.__root__): [Circular],
  Symbol(enzyme.__unrendered__): <Header
    products={Array []}
/>,
  Symbol(enzyme.__renderer__): Object {
    "batchedUpdates": [Function],
    "getNode": [Function],
    "render": [Function],
    "simulateEvent": [Function],
    "unmount": [Function],
  },
  Symbol(enzyme.__node__): Object {
    "instance": null,
    "key": undefined,
    "nodeType": "host",
    "props": Object {
      "children": <div
        className="Header__value"
>
        <div
                className="Header__icon"
        >
                <i
                        className="fa fa-shopping-cart"
                />
        </div>
        <div
                className="Header__value__text"
        >
                <p>
                        Total
                </p>
                <p>
                        R$ 
                        0,00
                </p>
        </div>
</div>,
      "className": "Header",
    },
    "ref": null,
    "rendered": Object {
      "instance": null,
      "key": undefined,
      "nodeType": "host",
      "props": Object {
        "children": Array [
          <div
            className="Header__icon"
>
            <i
                        className="fa fa-shopping-cart"
            />
</div>,
          <div
            className="Header__value__text"
>
            <p>
                        Total
            </p>
            <p>
                        R$ 
                        0,00
            </p>
</div>,
        ],
        "className": "Header__value",
      },
      "ref": null,
      "rendered": Array [
        Object {
          "instance": null,
          "key": undefined,
          "nodeType": "host",
          "props": Object {
            "children": <i
              className="fa fa-shopping-cart"
/>,
            "className": "Header__icon",
          },
          "ref": null,
          "rendered": Object {
            "instance": null,
            "key": undefined,
            "nodeType": "host",
            "props": Object {
              "className": "fa fa-shopping-cart",
            },
            "ref": null,
            "rendered": null,
            "type": "i",
          },
          "type": "div",
        },
        Object {
          "instance": null,
          "key": undefined,
          "nodeType": "host",
          "props": Object {
            "children": Array [
              <p>
                Total
</p>,
              <p>
                R$ 
                0,00
</p>,
            ],
            "className": "Header__value__text",
          },
          "ref": null,
          "rendered": Array [
            Object {
              "instance": null,
              "key": undefined,
              "nodeType": "host",
              "props": Object {
                "children": "Total",
              },
              "ref": null,
              "rendered": "Total",
              "type": "p",
            },
            Object {
              "instance": null,
              "key": undefined,
              "nodeType": "host",
              "props": Object {
                "children": Array [
                  "R$ ",
                  "0,00",
                ],
              },
              "ref": null,
              "rendered": Array [
                "R$ ",
                "0,00",
              ],
              "type": "p",
            },
          ],
          "type": "div",
        },
      ],
      "type": "div",
    },
    "type": "div",
  },
  Symbol(enzyme.__nodes__): Array [
    Object {
      "instance": null,
      "key": undefined,
      "nodeType": "host",
      "props": Object {
        "children": <div
          className="Header__value"
>
          <div
                    className="Header__icon"
          >
                    <i
                              className="fa fa-shopping-cart"
                    />
          </div>
          <div
                    className="Header__value__text"
          >
                    <p>
                              Total
                    </p>
                    <p>
                              R$ 
                              0,00
                    </p>
          </div>
</div>,
        "className": "Header",
      },
      "ref": null,
      "rendered": Object {
        "instance": null,
        "key": undefined,
        "nodeType": "host",
        "props": Object {
          "children": Array [
            <div
              className="Header__icon"
>
              <i
                            className="fa fa-shopping-cart"
              />
</div>,
            <div
              className="Header__value__text"
>
              <p>
                            Total
              </p>
              <p>
                            R$ 
                            0,00
              </p>
</div>,
          ],
          "className": "Header__value",
        },
        "ref": null,
        "rendered": Array [
          Object {
            "instance": null,
            "key": undefined,
            "nodeType": "host",
            "props": Object {
              "children": <i
                className="fa fa-shopping-cart"
/>,
              "className": "Header__icon",
            },
            "ref": null,
            "rendered": Object {
              "instance": null,
              "key": undefined,
              "nodeType": "host",
              "props": Object {
                "className": "fa fa-shopping-cart",
              },
              "ref": null,
              "rendered": null,
              "type": "i",
            },
            "type": "div",
          },
          Object {
            "instance": null,
            "key": undefined,
            "nodeType": "host",
            "props": Object {
              "children": Array [
                <p>
                  Total
</p>,
                <p>
                  R$ 
                  0,00
</p>,
              ],
              "className": "Header__value__text",
            },
            "ref": null,
            "rendered": Array [
              Object {
                "instance": null,
                "key": undefined,
                "nodeType": "host",
                "props": Object {
                  "children": "Total",
                },
                "ref": null,
                "rendered": "Total",
                "type": "p",
              },
              Object {
                "instance": null,
                "key": undefined,
                "nodeType": "host",
                "props": Object {
                  "children": Array [
                    "R$ ",
                    "0,00",
                  ],
                },
                "ref": null,
                "rendered": Array [
                  "R$ ",
                  "0,00",
                ],
                "type": "p",
              },
            ],
            "type": "div",
          },
        ],
        "type": "div",
      },
      "type": "div",
    },
  ],
  Symbol(enzyme.__options__): Object {
    "adapter": ReactSixteenAdapter {
      "options": Object {
        "enableComponentDidUpdateOnSetState": true,
      },
    },
    "disableLifecycleMethods": true,
  },
}
`;
