// Jest Snapshot v1, https://goo.gl/fbAQLP

exports[`ProductList > Item should render without crashing 1`] = `
ShallowWrapper {
  "length": 1,
  Symbol(enzyme.__root__): [Circular],
  Symbol(enzyme.__unrendered__): <Item
    completed={false}
    name=""
    price={0}
    unitType="un"
    units={0}
/>,
  Symbol(enzyme.__renderer__): Object {
    "batchedUpdates": [Function],
    "getNode": [Function],
    "render": [Function],
    "simulateEvent": [Function],
    "unmount": [Function],
  },
  Symbol(enzyme.__node__): Object {
    "instance": null,
    "key": undefined,
    "nodeType": "host",
    "props": Object {
      "children": Array [
        <div
          className="ProductList__item__image"
>
          <img
                    alt="product"
                    src="http://via.placeholder.com/60x60"
          />
</div>,
        <div
          className="ProductList__item__text"
>
          <p
                    className="ProductList__item__text__title"
          />
          <p>
                    <b>
                              R$ 
                              0,00
                               
                    </b>
                     x 
                    0
                    un
          </p>
</div>,
        <div
          className="ProductList__item__price"
>
          <p>
                    R$ 
                    0,00
          </p>
</div>,
      ],
      "className": "ProductList__item ",
    },
    "ref": null,
    "rendered": Array [
      Object {
        "instance": null,
        "key": undefined,
        "nodeType": "host",
        "props": Object {
          "children": <img
            alt="product"
            src="http://via.placeholder.com/60x60"
/>,
          "className": "ProductList__item__image",
        },
        "ref": null,
        "rendered": Object {
          "instance": null,
          "key": undefined,
          "nodeType": "host",
          "props": Object {
            "alt": "product",
            "src": "http://via.placeholder.com/60x60",
          },
          "ref": null,
          "rendered": null,
          "type": "img",
        },
        "type": "div",
      },
      Object {
        "instance": null,
        "key": undefined,
        "nodeType": "host",
        "props": Object {
          "children": Array [
            <p
              className="ProductList__item__text__title"
/>,
            <p>
              <b>
                            R$ 
                            0,00
                             
              </b>
               x 
              0
              un
</p>,
          ],
          "className": "ProductList__item__text",
        },
        "ref": null,
        "rendered": Array [
          Object {
            "instance": null,
            "key": undefined,
            "nodeType": "host",
            "props": Object {
              "children": "",
              "className": "ProductList__item__text__title",
            },
            "ref": null,
            "rendered": "",
            "type": "p",
          },
          Object {
            "instance": null,
            "key": undefined,
            "nodeType": "host",
            "props": Object {
              "children": Array [
                <b>
                  R$ 
                  0,00
                   
</b>,
                " x ",
                0,
                "un",
              ],
            },
            "ref": null,
            "rendered": Array [
              Object {
                "instance": null,
                "key": undefined,
                "nodeType": "host",
                "props": Object {
                  "children": Array [
                    "R$ ",
                    "0,00",
                    " ",
                  ],
                },
                "ref": null,
                "rendered": Array [
                  "R$ ",
                  "0,00",
                  " ",
                ],
                "type": "b",
              },
              " x ",
              0,
              "un",
            ],
            "type": "p",
          },
        ],
        "type": "div",
      },
      Object {
        "instance": null,
        "key": undefined,
        "nodeType": "host",
        "props": Object {
          "children": <p>
            R$ 
            0,00
</p>,
          "className": "ProductList__item__price",
        },
        "ref": null,
        "rendered": Object {
          "instance": null,
          "key": undefined,
          "nodeType": "host",
          "props": Object {
            "children": Array [
              "R$ ",
              "0,00",
            ],
          },
          "ref": null,
          "rendered": Array [
            "R$ ",
            "0,00",
          ],
          "type": "p",
        },
        "type": "div",
      },
    ],
    "type": "div",
  },
  Symbol(enzyme.__nodes__): Array [
    Object {
      "instance": null,
      "key": undefined,
      "nodeType": "host",
      "props": Object {
        "children": Array [
          <div
            className="ProductList__item__image"
>
            <img
                        alt="product"
                        src="http://via.placeholder.com/60x60"
            />
</div>,
          <div
            className="ProductList__item__text"
>
            <p
                        className="ProductList__item__text__title"
            />
            <p>
                        <b>
                                    R$ 
                                    0,00
                                     
                        </b>
                         x 
                        0
                        un
            </p>
</div>,
          <div
            className="ProductList__item__price"
>
            <p>
                        R$ 
                        0,00
            </p>
</div>,
        ],
        "className": "ProductList__item ",
      },
      "ref": null,
      "rendered": Array [
        Object {
          "instance": null,
          "key": undefined,
          "nodeType": "host",
          "props": Object {
            "children": <img
              alt="product"
              src="http://via.placeholder.com/60x60"
/>,
            "className": "ProductList__item__image",
          },
          "ref": null,
          "rendered": Object {
            "instance": null,
            "key": undefined,
            "nodeType": "host",
            "props": Object {
              "alt": "product",
              "src": "http://via.placeholder.com/60x60",
            },
            "ref": null,
            "rendered": null,
            "type": "img",
          },
          "type": "div",
        },
        Object {
          "instance": null,
          "key": undefined,
          "nodeType": "host",
          "props": Object {
            "children": Array [
              <p
                className="ProductList__item__text__title"
/>,
              <p>
                <b>
                                R$ 
                                0,00
                                 
                </b>
                 x 
                0
                un
</p>,
            ],
            "className": "ProductList__item__text",
          },
          "ref": null,
          "rendered": Array [
            Object {
              "instance": null,
              "key": undefined,
              "nodeType": "host",
              "props": Object {
                "children": "",
                "className": "ProductList__item__text__title",
              },
              "ref": null,
              "rendered": "",
              "type": "p",
            },
            Object {
              "instance": null,
              "key": undefined,
              "nodeType": "host",
              "props": Object {
                "children": Array [
                  <b>
                    R$ 
                    0,00
                     
</b>,
                  " x ",
                  0,
                  "un",
                ],
              },
              "ref": null,
              "rendered": Array [
                Object {
                  "instance": null,
                  "key": undefined,
                  "nodeType": "host",
                  "props": Object {
                    "children": Array [
                      "R$ ",
                      "0,00",
                      " ",
                    ],
                  },
                  "ref": null,
                  "rendered": Array [
                    "R$ ",
                    "0,00",
                    " ",
                  ],
                  "type": "b",
                },
                " x ",
                0,
                "un",
              ],
              "type": "p",
            },
          ],
          "type": "div",
        },
        Object {
          "instance": null,
          "key": undefined,
          "nodeType": "host",
          "props": Object {
            "children": <p>
              R$ 
              0,00
</p>,
            "className": "ProductList__item__price",
          },
          "ref": null,
          "rendered": Object {
            "instance": null,
            "key": undefined,
            "nodeType": "host",
            "props": Object {
              "children": Array [
                "R$ ",
                "0,00",
              ],
            },
            "ref": null,
            "rendered": Array [
              "R$ ",
              "0,00",
            ],
            "type": "p",
          },
          "type": "div",
        },
      ],
      "type": "div",
    },
  ],
  Symbol(enzyme.__options__): Object {
    "adapter": ReactSixteenAdapter {
      "options": Object {
        "enableComponentDidUpdateOnSetState": true,
      },
    },
    "disableLifecycleMethods": true,
  },
}
`;
