// Jest Snapshot v1, https://goo.gl/fbAQLP

exports[`App should render without crashing 1`] = `
ShallowWrapper {
  "length": 1,
  Symbol(enzyme.__root__): [Circular],
  Symbol(enzyme.__unrendered__): <App />,
  Symbol(enzyme.__renderer__): Object {
    "batchedUpdates": [Function],
    "getNode": [Function],
    "render": [Function],
    "simulateEvent": [Function],
    "unmount": [Function],
  },
  Symbol(enzyme.__node__): Object {
    "instance": null,
    "key": undefined,
    "nodeType": "host",
    "props": Object {
      "children": Array [
        <Template />,
        <Header
          products={
                    Array [
                              Object {
                                "completed": false,
                                "id": 1,
                                "name": "Tomate",
                                "price": 3.99,
                                "unitType": "kg",
                                "units": 1,
                              },
                              Object {
                                "completed": false,
                                "id": 2,
                                "name": "Cebola",
                                "price": 1.99,
                                "unitType": "kg",
                                "units": 2.3,
                              },
                              Object {
                                "completed": true,
                                "id": 3,
                                "name": "Alho",
                                "price": 4.99,
                                "unitType": "kg",
                                "units": 0.4,
                              },
                              Object {
                                "completed": false,
                                "id": 4,
                                "name": "Leite",
                                "price": 2.49,
                                "unitType": "un",
                                "units": 12,
                              },
                              Object {
                                "completed": false,
                                "id": 5,
                                "name": "Bolacha",
                                "price": 1.29,
                                "unitType": "un",
                                "units": 5,
                              },
                              Object {
                                "completed": false,
                                "id": 6,
                                "name": "Carne",
                                "price": 23.99,
                                "unitType": "kg",
                                "units": 0.9,
                              },
                              Object {
                                "completed": true,
                                "id": 7,
                                "name": "Frango",
                                "price": 7.99,
                                "unitType": "kg",
                                "units": 2.3,
                              },
                              Object {
                                "completed": false,
                                "id": 8,
                                "name": "Margarina",
                                "price": 4.49,
                                "unitType": "un",
                                "units": 1,
                              },
                            ]
          }
/>,
        <ProductList
          products={
                    Array [
                              Object {
                                "completed": false,
                                "id": 1,
                                "name": "Tomate",
                                "price": 3.99,
                                "unitType": "kg",
                                "units": 1,
                              },
                              Object {
                                "completed": false,
                                "id": 2,
                                "name": "Cebola",
                                "price": 1.99,
                                "unitType": "kg",
                                "units": 2.3,
                              },
                              Object {
                                "completed": true,
                                "id": 3,
                                "name": "Alho",
                                "price": 4.99,
                                "unitType": "kg",
                                "units": 0.4,
                              },
                              Object {
                                "completed": false,
                                "id": 4,
                                "name": "Leite",
                                "price": 2.49,
                                "unitType": "un",
                                "units": 12,
                              },
                              Object {
                                "completed": false,
                                "id": 5,
                                "name": "Bolacha",
                                "price": 1.29,
                                "unitType": "un",
                                "units": 5,
                              },
                              Object {
                                "completed": false,
                                "id": 6,
                                "name": "Carne",
                                "price": 23.99,
                                "unitType": "kg",
                                "units": 0.9,
                              },
                              Object {
                                "completed": true,
                                "id": 7,
                                "name": "Frango",
                                "price": 7.99,
                                "unitType": "kg",
                                "units": 2.3,
                              },
                              Object {
                                "completed": false,
                                "id": 8,
                                "name": "Margarina",
                                "price": 4.49,
                                "unitType": "un",
                                "units": 1,
                              },
                            ]
          }
/>,
      ],
    },
    "ref": null,
    "rendered": Array [
      Object {
        "instance": null,
        "key": undefined,
        "nodeType": "function",
        "props": Object {},
        "ref": null,
        "rendered": null,
        "type": [Function],
      },
      Object {
        "instance": null,
        "key": undefined,
        "nodeType": "function",
        "props": Object {
          "products": Array [
            Object {
              "completed": false,
              "id": 1,
              "name": "Tomate",
              "price": 3.99,
              "unitType": "kg",
              "units": 1,
            },
            Object {
              "completed": false,
              "id": 2,
              "name": "Cebola",
              "price": 1.99,
              "unitType": "kg",
              "units": 2.3,
            },
            Object {
              "completed": true,
              "id": 3,
              "name": "Alho",
              "price": 4.99,
              "unitType": "kg",
              "units": 0.4,
            },
            Object {
              "completed": false,
              "id": 4,
              "name": "Leite",
              "price": 2.49,
              "unitType": "un",
              "units": 12,
            },
            Object {
              "completed": false,
              "id": 5,
              "name": "Bolacha",
              "price": 1.29,
              "unitType": "un",
              "units": 5,
            },
            Object {
              "completed": false,
              "id": 6,
              "name": "Carne",
              "price": 23.99,
              "unitType": "kg",
              "units": 0.9,
            },
            Object {
              "completed": true,
              "id": 7,
              "name": "Frango",
              "price": 7.99,
              "unitType": "kg",
              "units": 2.3,
            },
            Object {
              "completed": false,
              "id": 8,
              "name": "Margarina",
              "price": 4.49,
              "unitType": "un",
              "units": 1,
            },
          ],
        },
        "ref": null,
        "rendered": null,
        "type": [Function],
      },
      Object {
        "instance": null,
        "key": undefined,
        "nodeType": "function",
        "props": Object {
          "products": Array [
            Object {
              "completed": false,
              "id": 1,
              "name": "Tomate",
              "price": 3.99,
              "unitType": "kg",
              "units": 1,
            },
            Object {
              "completed": false,
              "id": 2,
              "name": "Cebola",
              "price": 1.99,
              "unitType": "kg",
              "units": 2.3,
            },
            Object {
              "completed": true,
              "id": 3,
              "name": "Alho",
              "price": 4.99,
              "unitType": "kg",
              "units": 0.4,
            },
            Object {
              "completed": false,
              "id": 4,
              "name": "Leite",
              "price": 2.49,
              "unitType": "un",
              "units": 12,
            },
            Object {
              "completed": false,
              "id": 5,
              "name": "Bolacha",
              "price": 1.29,
              "unitType": "un",
              "units": 5,
            },
            Object {
              "completed": false,
              "id": 6,
              "name": "Carne",
              "price": 23.99,
              "unitType": "kg",
              "units": 0.9,
            },
            Object {
              "completed": true,
              "id": 7,
              "name": "Frango",
              "price": 7.99,
              "unitType": "kg",
              "units": 2.3,
            },
            Object {
              "completed": false,
              "id": 8,
              "name": "Margarina",
              "price": 4.49,
              "unitType": "un",
              "units": 1,
            },
          ],
        },
        "ref": null,
        "rendered": null,
        "type": [Function],
      },
    ],
    "type": "div",
  },
  Symbol(enzyme.__nodes__): Array [
    Object {
      "instance": null,
      "key": undefined,
      "nodeType": "host",
      "props": Object {
        "children": Array [
          <Template />,
          <Header
            products={
                        Array [
                                    Object {
                                      "completed": false,
                                      "id": 1,
                                      "name": "Tomate",
                                      "price": 3.99,
                                      "unitType": "kg",
                                      "units": 1,
                                    },
                                    Object {
                                      "completed": false,
                                      "id": 2,
                                      "name": "Cebola",
                                      "price": 1.99,
                                      "unitType": "kg",
                                      "units": 2.3,
                                    },
                                    Object {
                                      "completed": true,
                                      "id": 3,
                                      "name": "Alho",
                                      "price": 4.99,
                                      "unitType": "kg",
                                      "units": 0.4,
                                    },
                                    Object {
                                      "completed": false,
                                      "id": 4,
                                      "name": "Leite",
                                      "price": 2.49,
                                      "unitType": "un",
                                      "units": 12,
                                    },
                                    Object {
                                      "completed": false,
                                      "id": 5,
                                      "name": "Bolacha",
                                      "price": 1.29,
                                      "unitType": "un",
                                      "units": 5,
                                    },
                                    Object {
                                      "completed": false,
                                      "id": 6,
                                      "name": "Carne",
                                      "price": 23.99,
                                      "unitType": "kg",
                                      "units": 0.9,
                                    },
                                    Object {
                                      "completed": true,
                                      "id": 7,
                                      "name": "Frango",
                                      "price": 7.99,
                                      "unitType": "kg",
                                      "units": 2.3,
                                    },
                                    Object {
                                      "completed": false,
                                      "id": 8,
                                      "name": "Margarina",
                                      "price": 4.49,
                                      "unitType": "un",
                                      "units": 1,
                                    },
                                  ]
            }
/>,
          <ProductList
            products={
                        Array [
                                    Object {
                                      "completed": false,
                                      "id": 1,
                                      "name": "Tomate",
                                      "price": 3.99,
                                      "unitType": "kg",
                                      "units": 1,
                                    },
                                    Object {
                                      "completed": false,
                                      "id": 2,
                                      "name": "Cebola",
                                      "price": 1.99,
                                      "unitType": "kg",
                                      "units": 2.3,
                                    },
                                    Object {
                                      "completed": true,
                                      "id": 3,
                                      "name": "Alho",
                                      "price": 4.99,
                                      "unitType": "kg",
                                      "units": 0.4,
                                    },
                                    Object {
                                      "completed": false,
                                      "id": 4,
                                      "name": "Leite",
                                      "price": 2.49,
                                      "unitType": "un",
                                      "units": 12,
                                    },
                                    Object {
                                      "completed": false,
                                      "id": 5,
                                      "name": "Bolacha",
                                      "price": 1.29,
                                      "unitType": "un",
                                      "units": 5,
                                    },
                                    Object {
                                      "completed": false,
                                      "id": 6,
                                      "name": "Carne",
                                      "price": 23.99,
                                      "unitType": "kg",
                                      "units": 0.9,
                                    },
                                    Object {
                                      "completed": true,
                                      "id": 7,
                                      "name": "Frango",
                                      "price": 7.99,
                                      "unitType": "kg",
                                      "units": 2.3,
                                    },
                                    Object {
                                      "completed": false,
                                      "id": 8,
                                      "name": "Margarina",
                                      "price": 4.49,
                                      "unitType": "un",
                                      "units": 1,
                                    },
                                  ]
            }
/>,
        ],
      },
      "ref": null,
      "rendered": Array [
        Object {
          "instance": null,
          "key": undefined,
          "nodeType": "function",
          "props": Object {},
          "ref": null,
          "rendered": null,
          "type": [Function],
        },
        Object {
          "instance": null,
          "key": undefined,
          "nodeType": "function",
          "props": Object {
            "products": Array [
              Object {
                "completed": false,
                "id": 1,
                "name": "Tomate",
                "price": 3.99,
                "unitType": "kg",
                "units": 1,
              },
              Object {
                "completed": false,
                "id": 2,
                "name": "Cebola",
                "price": 1.99,
                "unitType": "kg",
                "units": 2.3,
              },
              Object {
                "completed": true,
                "id": 3,
                "name": "Alho",
                "price": 4.99,
                "unitType": "kg",
                "units": 0.4,
              },
              Object {
                "completed": false,
                "id": 4,
                "name": "Leite",
                "price": 2.49,
                "unitType": "un",
                "units": 12,
              },
              Object {
                "completed": false,
                "id": 5,
                "name": "Bolacha",
                "price": 1.29,
                "unitType": "un",
                "units": 5,
              },
              Object {
                "completed": false,
                "id": 6,
                "name": "Carne",
                "price": 23.99,
                "unitType": "kg",
                "units": 0.9,
              },
              Object {
                "completed": true,
                "id": 7,
                "name": "Frango",
                "price": 7.99,
                "unitType": "kg",
                "units": 2.3,
              },
              Object {
                "completed": false,
                "id": 8,
                "name": "Margarina",
                "price": 4.49,
                "unitType": "un",
                "units": 1,
              },
            ],
          },
          "ref": null,
          "rendered": null,
          "type": [Function],
        },
        Object {
          "instance": null,
          "key": undefined,
          "nodeType": "function",
          "props": Object {
            "products": Array [
              Object {
                "completed": false,
                "id": 1,
                "name": "Tomate",
                "price": 3.99,
                "unitType": "kg",
                "units": 1,
              },
              Object {
                "completed": false,
                "id": 2,
                "name": "Cebola",
                "price": 1.99,
                "unitType": "kg",
                "units": 2.3,
              },
              Object {
                "completed": true,
                "id": 3,
                "name": "Alho",
                "price": 4.99,
                "unitType": "kg",
                "units": 0.4,
              },
              Object {
                "completed": false,
                "id": 4,
                "name": "Leite",
                "price": 2.49,
                "unitType": "un",
                "units": 12,
              },
              Object {
                "completed": false,
                "id": 5,
                "name": "Bolacha",
                "price": 1.29,
                "unitType": "un",
                "units": 5,
              },
              Object {
                "completed": false,
                "id": 6,
                "name": "Carne",
                "price": 23.99,
                "unitType": "kg",
                "units": 0.9,
              },
              Object {
                "completed": true,
                "id": 7,
                "name": "Frango",
                "price": 7.99,
                "unitType": "kg",
                "units": 2.3,
              },
              Object {
                "completed": false,
                "id": 8,
                "name": "Margarina",
                "price": 4.49,
                "unitType": "un",
                "units": 1,
              },
            ],
          },
          "ref": null,
          "rendered": null,
          "type": [Function],
        },
      ],
      "type": "div",
    },
  ],
  Symbol(enzyme.__options__): Object {
    "adapter": ReactSixteenAdapter {
      "options": Object {
        "enableComponentDidUpdateOnSetState": true,
      },
    },
    "disableLifecycleMethods": true,
  },
}
`;
